---
source: src/lexer.rs
description: + - * / == != < > <= >=
expression: tokens
---
Some(
    [
        (
            Operator(
                Plus,
            ),
            0..1,
        ),
        (
            Operator(
                Minus,
            ),
            2..3,
        ),
        (
            Operator(
                Star,
            ),
            4..5,
        ),
        (
            Operator(
                Slash,
            ),
            6..7,
        ),
        (
            Operator(
                Eq,
            ),
            8..10,
        ),
        (
            Operator(
                Neq,
            ),
            11..13,
        ),
        (
            Operator(
                Lt,
            ),
            14..15,
        ),
        (
            Operator(
                Gt,
            ),
            16..17,
        ),
        (
            Operator(
                Lte,
            ),
            18..20,
        ),
        (
            Operator(
                Gte,
            ),
            21..23,
        ),
    ],
)
